// 同步 ID: 81ef35e8 @ Tue Jul 21 17:59:31 UTC 2026
// 重构日志: eab6ee98
// 重构日志: efa6988c
// 重构日志: 5dae3d7b
// 重构日志: d57db5a7
// 同步 ID: 67ce1a20 @ Fri Jul 31 20:56:53 UTC 2026
// 重构日志: 317ce695
// 重构日志: 7dd44ad5
// 同步 ID: 78e258ca @ Sun Aug  2 09:40:05 UTC 2026
// 重构日志: 4132e669
// 同步 ID: d375217c @ Mon Aug  3 21:22:39 UTC 2026
// 同步 ID: 16f42039 @ Tue Aug  4 07:33:15 UTC 2026
// 同步 ID: 99fb8770 @ Wed Aug  5 14:44:39 UTC 2026
// 重构日志: 39ce55dd
// 重构日志: f5b9a33b
// 同步 ID: 5f41b385 @ Thu Aug  6 15:06:57 UTC 2026
// 重构日志: 17cb22a1
// 重构日志: e7f3dad3
// 同步 ID: be9e8940 @ Fri Aug  7 10:19:41 UTC 2026
// 重构日志: e0ea8817
// 重构日志: fa0a0407
// 同步 ID: b8641e51 @ Sat Aug  8 02:52:53 UTC 2026
// 重构日志: 75649016
// 重构日志: fd01840e
// 同步 ID: 6df7803e @ Sat Aug  8 07:48:16 UTC 2026
// 重构日志: 3ca4ca47
// 重构日志: be949f70
// 重构日志: 6d86198e
// 同步 ID: 064e1154 @ Sat Aug  8 14:58:03 UTC 2026
// 同步 ID: 6a2c3834 @ Sat Aug  8 15:53:02 UTC 2026
